Archive member included to satisfy reference by file (symbol)

d:/stm32cubeide_1.10.1/stm32cubeide/plugins/com.st.stm32cube.ide.mcu.externaltools.gnu-tools-for-stm32.10.3-2021.10.win32_1.0.0.202111181127/tools/bin/../lib/gcc/arm-none-eabi/10.3.1/../../../../arm-none-eabi/lib/thumb/v7-m/nofp\libc_nano.a(lib_a-errno.o)
                              ./Core/Src/syscalls.o (__errno)
d:/stm32cubeide_1.10.1/stm32cubeide/plugins/com.st.stm32cube.ide.mcu.externaltools.gnu-tools-for-stm32.10.3-2021.10.win32_1.0.0.202111181127/tools/bin/../lib/gcc/arm-none-eabi/10.3.1/../../../../arm-none-eabi/lib/thumb/v7-m/nofp\libc_nano.a(lib_a-exit.o)
                              d:/stm32cubeide_1.10.1/stm32cubeide/plugins/com.st.stm32cube.ide.mcu.externaltools.gnu-tools-for-stm32.10.3-2021.10.win32_1.0.0.202111181127/tools/bin/../lib/gcc/arm-none-eabi/10.3.1/../../../../arm-none-eabi/lib/thumb/v7-m/nofp/crt0.o (exit)
d:/stm32cubeide_1.10.1/stm32cubeide/plugins/com.st.stm32cube.ide.mcu.externaltools.gnu-tools-for-stm32.10.3-2021.10.win32_1.0.0.202111181127/tools/bin/../lib/gcc/arm-none-eabi/10.3.1/../../../../arm-none-eabi/lib/thumb/v7-m/nofp\libc_nano.a(lib_a-impure.o)
                              d:/stm32cubeide_1.10.1/stm32cubeide/plugins/com.st.stm32cube.ide.mcu.externaltools.gnu-tools-for-stm32.10.3-2021.10.win32_1.0.0.202111181127/tools/bin/../lib/gcc/arm-none-eabi/10.3.1/../../../../arm-none-eabi/lib/thumb/v7-m/nofp\libc_nano.a(lib_a-exit.o) (_global_impure_ptr)
d:/stm32cubeide_1.10.1/stm32cubeide/plugins/com.st.stm32cube.ide.mcu.externaltools.gnu-tools-for-stm32.10.3-2021.10.win32_1.0.0.202111181127/tools/bin/../lib/gcc/arm-none-eabi/10.3.1/../../../../arm-none-eabi/lib/thumb/v7-m/nofp\libc_nano.a(lib_a-init.o)
                              d:/stm32cubeide_1.10.1/stm32cubeide/plugins/com.st.stm32cube.ide.mcu.externaltools.gnu-tools-for-stm32.10.3-2021.10.win32_1.0.0.202111181127/tools/bin/../lib/gcc/arm-none-eabi/10.3.1/../../../../arm-none-eabi/lib/thumb/v7-m/nofp/crt0.o (__libc_init_array)
d:/stm32cubeide_1.10.1/stm32cubeide/plugins/com.st.stm32cube.ide.mcu.externaltools.gnu-tools-for-stm32.10.3-2021.10.win32_1.0.0.202111181127/tools/bin/../lib/gcc/arm-none-eabi/10.3.1/../../../../arm-none-eabi/lib/thumb/v7-m/nofp\libc_nano.a(lib_a-memset.o)
                              d:/stm32cubeide_1.10.1/stm32cubeide/plugins/com.st.stm32cube.ide.mcu.externaltools.gnu-tools-for-stm32.10.3-2021.10.win32_1.0.0.202111181127/tools/bin/../lib/gcc/arm-none-eabi/10.3.1/../../../../arm-none-eabi/lib/thumb/v7-m/nofp/crt0.o (memset)

Discarded input sections

 .text          0x0000000000000000        0x0 d:/stm32cubeide_1.10.1/stm32cubeide/plugins/com.st.stm32cube.ide.mcu.externaltools.gnu-tools-for-stm32.10.3-2021.10.win32_1.0.0.202111181127/tools/bin/../lib/gcc/arm-none-eabi/10.3.1/thumb/v7-m/nofp/crti.o
 .data          0x0000000000000000        0x0 d:/stm32cubeide_1.10.1/stm32cubeide/plugins/com.st.stm32cube.ide.mcu.externaltools.gnu-tools-for-stm32.10.3-2021.10.win32_1.0.0.202111181127/tools/bin/../lib/gcc/arm-none-eabi/10.3.1/thumb/v7-m/nofp/crti.o
 .bss           0x0000000000000000        0x0 d:/stm32cubeide_1.10.1/stm32cubeide/plugins/com.st.stm32cube.ide.mcu.externaltools.gnu-tools-for-stm32.10.3-2021.10.win32_1.0.0.202111181127/tools/bin/../lib/gcc/arm-none-eabi/10.3.1/thumb/v7-m/nofp/crti.o
 .data          0x0000000000000000        0x4 d:/stm32cubeide_1.10.1/stm32cubeide/plugins/com.st.stm32cube.ide.mcu.externaltools.gnu-tools-for-stm32.10.3-2021.10.win32_1.0.0.202111181127/tools/bin/../lib/gcc/arm-none-eabi/10.3.1/thumb/v7-m/nofp/crtbegin.o
 .rodata        0x0000000000000000       0x24 d:/stm32cubeide_1.10.1/stm32cubeide/plugins/com.st.stm32cube.ide.mcu.externaltools.gnu-tools-for-stm32.10.3-2021.10.win32_1.0.0.202111181127/tools/bin/../lib/gcc/arm-none-eabi/10.3.1/thumb/v7-m/nofp/crtbegin.o
 .text          0x0000000000000000       0x7c d:/stm32cubeide_1.10.1/stm32cubeide/plugins/com.st.stm32cube.ide.mcu.externaltools.gnu-tools-for-stm32.10.3-2021.10.win32_1.0.0.202111181127/tools/bin/../lib/gcc/arm-none-eabi/10.3.1/../../../../arm-none-eabi/lib/thumb/v7-m/nofp/crt0.o
 .data          0x0000000000000000        0x0 d:/stm32cubeide_1.10.1/stm32cubeide/plugins/com.st.stm32cube.ide.mcu.externaltools.gnu-tools-for-stm32.10.3-2021.10.win32_1.0.0.202111181127/tools/bin/../lib/gcc/arm-none-eabi/10.3.1/../../../../arm-none-eabi/lib/thumb/v7-m/nofp/crt0.o
 .bss           0x0000000000000000        0x0 d:/stm32cubeide_1.10.1/stm32cubeide/plugins/com.st.stm32cube.ide.mcu.externaltools.gnu-tools-for-stm32.10.3-2021.10.win32_1.0.0.202111181127/tools/bin/../lib/gcc/arm-none-eabi/10.3.1/../../../../arm-none-eabi/lib/thumb/v7-m/nofp/crt0.o
 .ARM.extab     0x0000000000000000        0x0 d:/stm32cubeide_1.10.1/stm32cubeide/plugins/com.st.stm32cube.ide.mcu.externaltools.gnu-tools-for-stm32.10.3-2021.10.win32_1.0.0.202111181127/tools/bin/../lib/gcc/arm-none-eabi/10.3.1/../../../../arm-none-eabi/lib/thumb/v7-m/nofp/crt0.o
[...]
Memory Configuration

Name             Origin             Length             Attributes
RAM              0x0000000020000000 0x0000000000002800 xrw
FLASH            0x0000000008000000 0x0000000000008000 xr
*default*        0x0000000000000000 0xffffffffffffffff

Linker script and memory map

LOAD d:/stm32cubeide_1.10.1/stm32cubeide/plugins/com.st.stm32cube.ide.mcu.externaltools.gnu-tools-for-stm32.10.3-2021.10.win32_1.0.0.202111181127/tools/bin/../lib/gcc/arm-none-eabi/10.3.1/thumb/v7-m/nofp/crti.o
LOAD d:/stm32cubeide_1.10.1/stm32cubeide/plugins/com.st.stm32cube.ide.mcu.externaltools.gnu-tools-for-stm32.10.3-2021.10.win32_1.0.0.202111181127/tools/bin/../lib/gcc/arm-none-eabi/10.3.1/thumb/v7-m/nofp/crtbegin.o
LOAD d:/stm32cubeide_1.10.1/stm32cubeide/plugins/com.st.stm32cube.ide.mcu.externaltools.gnu-tools-for-stm32.10.3-2021.10.win32_1.0.0.202111181127/tools/bin/../lib/gcc/arm-none-eabi/10.3.1/../../../../arm-none-eabi/lib/thumb/v7-m/nofp/crt0.o
LOAD ./Core/Src/button.o
LOAD ./Core/Src/fsm_automatic.o
LOAD ./Core/Src/fsm_simple_button.o
LOAD ./Core/Src/global.o
LOAD ./Core/Src/main.o
LOAD ./Core/Src/software_timer.o
LOAD ./Core/Src/stm32f1xx_hal_msp.o
LOAD ./Core/Src/stm32f1xx_it.o
LOAD ./Core/Src/syscalls.o
LOAD ./Core/Src/sysmem.o
LOAD ./Core/Src/system_stm32f1xx.o
LOAD ./Core/Startup/startup_stm32f103c6ux.o
LOAD ./Drivers/STM32F1xx_HAL_Driver/Src/stm32f1xx_hal.o
LOAD ./Drivers/STM32F1xx_HAL_Driver/Src/stm32f1xx_hal_cortex.o
LOAD ./Drivers/STM32F1xx_HAL_Driver/Src/stm32f1xx_hal_dma.o
LOAD ./Drivers/STM32F1xx_HAL_Driver/Src/stm32f1xx_hal_exti.o
LOAD ./Drivers/STM32F1xx_HAL_Driver/Src/stm32f1xx_hal_flash.o
LOAD ./Drivers/STM32F1xx_HAL_Driver/Src/stm32f1xx_hal_flash_ex.o
LOAD ./Drivers/STM32F1xx_HAL_Driver/Src/stm32f1xx_hal_gpio.o
LOAD ./Drivers/STM32F1xx_HAL_Driver/Src/stm32f1xx_hal_gpio_ex.o
LOAD ./Drivers/STM32F1xx_HAL_Driver/Src/stm32f1xx_hal_pwr.o
LOAD ./Drivers/STM32F1xx_HAL_Driver/Src/stm32f1xx_hal_rcc.o
LOAD ./Drivers/STM32F1xx_HAL_Driver/Src/stm32f1xx_hal_rcc_ex.o
LOAD ./Drivers/STM32F1xx_HAL_Driver/Src/stm32f1xx_hal_tim.o
LOAD ./Drivers/STM32F1xx_HAL_Driver/Src/stm32f1xx_hal_tim_ex.o
START GROUP
LOAD d:/stm32cubeide_1.10.1/stm32cubeide/plugins/com.st.stm32cube.ide.mcu.externaltools.gnu-tools-for-stm32.10.3-2021.10.win32_1.0.0.202111181127/tools/bin/../lib/gcc/arm-none-eabi/10.3.1/../../../../arm-none-eabi/lib/thumb/v7-m/nofp\libc_nano.a
LOAD d:/stm32cubeide_1.10.1/stm32cubeide/plugins/com.st.stm32cube.ide.mcu.externaltools.gnu-tools-for-stm32.10.3-2021.10.win32_1.0.0.202111181127/tools/bin/../lib/gcc/arm-none-eabi/10.3.1/../../../../arm-none-eabi/lib/thumb/v7-m/nofp\libm.a
END GROUP
START GROUP
LOAD d:/stm32cubeide_1.10.1/stm32cubeide/plugins/com.st.stm32cube.ide.mcu.externaltools.gnu-tools-for-stm32.10.3-2021.10.win32_1.0.0.202111181127/tools/bin/../lib/gcc/arm-none-eabi/10.3.1/thumb/v7-m/nofp\libgcc.a
LOAD d:/stm32cubeide_1.10.1/stm32cubeide/plugins/com.st.stm32cube.ide.mcu.externaltools.gnu-tools-for-stm32.10.3-2021.10.win32_1.0.0.202111181127/tools/bin/../lib/gcc/arm-none-eabi/10.3.1/../../../../arm-none-eabi/lib/thumb/v7-m/nofp\libc_nano.a
END GROUP
START GROUP
LOAD d:/stm32cubeide_1.10.1/stm32cubeide/plugins/com.st.stm32cube.ide.mcu.externaltools.gnu-tools-for-stm32.10.3-2021.10.win32_1.0.0.202111181127/tools/bin/../lib/gcc/arm-none-eabi/10.3.1/thumb/v7-m/nofp\libgcc.a
LOAD d:/stm32cubeide_1.10.1/stm32cubeide/plugins/com.st.stm32cube.ide.mcu.externaltools.gnu-tools-for-stm32.10.3-2021.10.win32_1.0.0.202111181127/tools/bin/../lib/gcc/arm-none-eabi/10.3.1/../../../../arm-none-eabi/lib/thumb/v7-m/nofp\libc_nano.a
LOAD d:/stm32cubeide_1.10.1/stm32cubeide/plugins/com.st.stm32cube.ide.mcu.externaltools.gnu-tools-for-stm32.10.3-2021.10.win32_1.0.0.202111181127/tools/bin/../lib/gcc/arm-none-eabi/10.3.1/../../../../arm-none-eabi/lib/thumb/v7-m/nofp\libnosys.a
END GROUP
START GROUP
LOAD d:/stm32cubeide_1.10.1/stm32cubeide/plugins/com.st.stm32cube.ide.mcu.externaltools.gnu-tools-for-stm32.10.3-2021.10.win32_1.0.0.202111181127/tools/bin/../lib/gcc/arm-none-eabi/10.3.1/thumb/v7-m/nofp\libgcc.a
LOAD d:/stm32cubeide_1.10.1/stm32cubeide/plugins/com.st.stm32cube.ide.mcu.externaltools.gnu-tools-for-stm32.10.3-2021.10.win32_1.0.0.202111181127/tools/bin/../lib/gcc/arm-none-eabi/10.3.1/../../../../arm-none-eabi/lib/thumb/v7-m/nofp\libc_nano.a
LOAD d:/stm32cubeide_1.10.1/stm32cubeide/plugins/com.st.stm32cube.ide.mcu.externaltools.gnu-tools-for-stm32.10.3-2021.10.win32_1.0.0.202111181127/tools/bin/../lib/gcc/arm-none-eabi/10.3.1/../../../../arm-none-eabi/lib/thumb/v7-m/nofp\libnosys.a
END GROUP
LOAD d:/stm32cubeide_1.10.1/stm32cubeide/plugins/com.st.stm32cube.ide.mcu.externaltools.gnu-tools-for-stm32.10.3-2021.10.win32_1.0.0.202111181127/tools/bin/../lib/gcc/arm-none-eabi/10.3.1/thumb/v7-m/nofp/crtend.o
LOAD d:/stm32cubeide_1.10.1/stm32cubeide/plugins/com.st.stm32cube.ide.mcu.externaltools.gnu-tools-for-stm32.10.3-2021.10.win32_1.0.0.202111181127/tools/bin/../lib/gcc/arm-none-eabi/10.3.1/thumb/v7-m/nofp/crtn.o
                0x0000000020002800                _estack = (ORIGIN (RAM) + LENGTH (RAM))
                0x0000000000000200                _Min_Heap_Size = 0x200
                0x0000000000000400                _Min_Stack_Size = 0x400

.isr_vector     0x0000000008000000      0x10c
                0x0000000008000000                . = ALIGN (0x4)
 *(.isr_vector)
 .isr_vector    0x0000000008000000      0x10c ./Core/Startup/startup_stm32f103c6ux.o
                0x0000000008000000                g_pfnVectors
                0x000000000800010c                . = ALIGN (0x4)

.text           0x000000000800010c     0x2c18
                0x000000000800010c                . = ALIGN (0x4)
 *(.text)
 .text          0x000000000800010c       0x40 d:/stm32cubeide_1.10.1/stm32cubeide/plugins/com.st.stm32cube.ide.mcu.externaltools.gnu-tools-for-stm32.10.3-2021.10.win32_1.0.0.202111181127/tools/bin/../lib/gcc/arm-none-eabi/10.3.1/thumb/v7-m/nofp/crtbegin.o
 *(.text*)
 .text.RESETPressed
                0x000000000800014c       0x24 ./Core/Src/button.o
                0x000000000800014c                RESETPressed
 .text.INCPressed
                0x0000000008000170       0x24 ./Core/Src/button.o
                0x0000000008000170                INCPressed
 .text.DECPressed
                0x0000000008000194       0x24 ./Core/Src/button.o
                0x0000000008000194                DECPressed
 .text.subKeyProcess_RESET
                0x00000000080001b8       0x18 ./Core/Src/button.o
                0x00000000080001b8                subKeyProcess_RESET
 .text.getKeyInput_RESET
                0x00000000080001d0       0xa8 ./Core/Src/button.o
                0x00000000080001d0                getKeyInput_RESET
 .text.subKeyProcess_INC
                0x0000000008000278       0x18 ./Core/Src/button.o
                0x0000000008000278                subKeyProcess_INC
 .text.getKeyInput_INC
                0x0000000008000290       0xa8 ./Core/Src/button.o
                0x0000000008000290                getKeyInput_INC
 .text.subKeyProcess_DEC
                0x0000000008000338       0x18 ./Core/Src/button.o
                0x0000000008000338                subKeyProcess_DEC
 .text.getKeyInput_DEC
                0x0000000008000350       0xa8 ./Core/Src/button.o
                0x0000000008000350                getKeyInput_DEC
 .text.fsm_automatic_run
                0x00000000080003f8      0x704 ./Core/Src/fsm_automatic.o
                0x00000000080003f8                fsm_automatic_run
 .text.fsm_simple_button_run
                0x0000000008000afc      0x704 ./Core/Src/fsm_simple_button.o
                0x0000000008000afc                fsm_simple_button_run
 .text.main     0x0000000008001200       0x60 ./Core/Src/main.o
                0x0000000008001200                main
 .text.SystemClock_Config
                0x0000000008001260       0x76 ./Core/Src/main.o
                0x0000000008001260                SystemClock_Config
 *fill*         0x00000000080012d6        0x2 
 .text.MX_TIM2_Init
                0x00000000080012d8       0x98 ./Core/Src/main.o
 .text.MX_GPIO_Init
                0x0000000008001370       0xdc ./Core/Src/main.o
 .text.HAL_TIM_PeriodElapsedCallback
                0x000000000800144c       0x20 ./Core/Src/main.o
                0x000000000800144c                HAL_TIM_PeriodElapsedCallback
 .text.Error_Handler
                0x000000000800146c        0xa ./Core/Src/main.o
                0x000000000800146c                Error_Handler
 *fill*         0x0000000008001476        0x2 
 .text.setTimer1
                0x0000000008001478       0x38 ./Core/Src/software_timer.o
                0x0000000008001478                setTimer1
 .text.setTimer2
                0x00000000080014b0       0x38 ./Core/Src/software_timer.o
                0x00000000080014b0                setTimer2
 .text.TimerRun
                0x00000000080014e8       0x84 ./Core/Src/software_timer.o
                0x00000000080014e8                TimerRun
 .text.HAL_MspInit
                0x000000000800156c       0x44 ./Core/Src/stm32f1xx_hal_msp.o
                0x000000000800156c                HAL_MspInit
 .text.HAL_TIM_Base_MspInit
                0x00000000080015b0       0x48 ./Core/Src/stm32f1xx_hal_msp.o
                0x00000000080015b0                HAL_TIM_Base_MspInit
 .text.NMI_Handler
                0x00000000080015f8        0x6 ./Core/Src/stm32f1xx_it.o
                0x00000000080015f8                NMI_Handler
 .text.HardFault_Handler
                0x00000000080015fe        0x6 ./Core/Src/stm32f1xx_it.o
                0x00000000080015fe                HardFault_Handler
 .text.MemManage_Handler
                0x0000000008001604        0x6 ./Core/Src/stm32f1xx_it.o
                0x0000000008001604                MemManage_Handler
 .text.BusFault_Handler
                0x000000000800160a        0x6 ./Core/Src/stm32f1xx_it.o
                0x000000000800160a                BusFault_Handler
 .text.UsageFault_Handler
                0x0000000008001610        0x6 ./Core/Src/stm32f1xx_it.o
                0x0000000008001610                UsageFault_Handler
 .text.SVC_Handler
                0x0000000008001616        0xc ./Core/Src/stm32f1xx_it.o
                0x0000000008001616                SVC_Handler
 .text.DebugMon_Handler
                0x0000000008001622        0xc ./Core/Src/stm32f1xx_it.o
                0x0000000008001622                DebugMon_Handler
 .text.PendSV_Handler
                0x000000000800162e        0xc ./Core/Src/stm32f1xx_it.o
                0x000000000800162e                PendSV_Handler
 .text.SysTick_Handler
                0x000000000800163a        0xc ./Core/Src/stm32f1xx_it.o
                0x000000000800163a                SysTick_Handler
 *fill*         0x0000000008001646        0x2 
 .text.TIM2_IRQHandler
                0x0000000008001648       0x14 ./Core/Src/stm32f1xx_it.o
                0x0000000008001648                TIM2_IRQHandler
 .text.SystemInit
                0x000000000800165c        0xc ./Core/Src/system_stm32f1xx.o
                0x000000000800165c                SystemInit
 .text.Reset_Handler
                0x0000000008001668       0x48 ./Core/Startup/startup_stm32f103c6ux.o
                0x0000000008001668                Reset_Handler
 .text.Default_Handler
                0x00000000080016b0        0x2 ./Core/Startup/startup_stm32f103c6ux.o
                0x00000000080016b0                RTC_Alarm_IRQHandler
                0x00000000080016b0                EXTI2_IRQHandler
                0x00000000080016b0                TIM1_CC_IRQHandler
                0x00000000080016b0                PVD_IRQHandler
                0x00000000080016b0                EXTI3_IRQHandler
                0x00000000080016b0                EXTI0_IRQHandler
                0x00000000080016b0                ADC1_2_IRQHandler
                0x00000000080016b0                SPI1_IRQHandler
                0x00000000080016b0                TAMPER_IRQHandler
                0x00000000080016b0                DMA1_Channel4_IRQHandler
                0x00000000080016b0                RTC_IRQHandler
                0x00000000080016b0                DMA1_Channel7_IRQHandler
                0x00000000080016b0                CAN1_RX1_IRQHandler
                0x00000000080016b0                I2C1_EV_IRQHandler
                0x00000000080016b0                DMA1_Channel6_IRQHandler
                0x00000000080016b0                TIM3_IRQHandler
                0x00000000080016b0                RCC_IRQHandler
                0x00000000080016b0                TIM1_TRG_COM_IRQHandler
                0x00000000080016b0                DMA1_Channel1_IRQHandler
                0x00000000080016b0                Default_Handler
                0x00000000080016b0                EXTI15_10_IRQHandler
                0x00000000080016b0                EXTI9_5_IRQHandler
                0x00000000080016b0                DMA1_Channel5_IRQHandler
                0x00000000080016b0                EXTI4_IRQHandler
                0x00000000080016b0                USB_LP_CAN1_RX0_IRQHandler
                0x00000000080016b0                USB_HP_CAN1_TX_IRQHandler
                0x00000000080016b0                DMA1_Channel3_IRQHandler
                0x00000000080016b0                TIM1_UP_IRQHandler
                0x00000000080016b0                WWDG_IRQHandler
                0x00000000080016b0                TIM1_BRK_IRQHandler
                0x00000000080016b0                EXTI1_IRQHandler
                0x00000000080016b0                USART2_IRQHandler
                0x00000000080016b0                DMA1_Channel2_IRQHandler
                0x00000000080016b0                CAN1_SCE_IRQHandler
                0x00000000080016b0                FLASH_IRQHandler
                0x00000000080016b0                USART1_IRQHandler
                0x00000000080016b0                I2C1_ER_IRQHandler
                0x00000000080016b0                USBWakeUp_IRQHandler
 *fill*         0x00000000080016b2        0x2 
 .text.HAL_Init
                0x00000000080016b4       0x2c ./Drivers/STM32F1xx_HAL_Driver/Src/stm32f1xx_hal.o
                0x00000000080016b4                HAL_Init
 .text.HAL_InitTick
                0x00000000080016e0       0x60 ./Drivers/STM32F1xx_HAL_Driver/Src/stm32f1xx_hal.o
                0x00000000080016e0                HAL_InitTick
 .text.HAL_IncTick
                0x0000000008001740       0x24 ./Drivers/STM32F1xx_HAL_Driver/Src/stm32f1xx_hal.o
                0x0000000008001740                HAL_IncTick
 .text.HAL_GetTick
                0x0000000008001764       0x14 ./Drivers/STM32F1xx_HAL_Driver/Src/stm32f1xx_hal.o
                0x0000000008001764                HAL_GetTick
 .text.__NVIC_SetPriorityGrouping
                0x0000000008001778       0x48 ./Drivers/STM32F1xx_HAL_Driver/Src/stm32f1xx_hal_cortex.o
 .text.__NVIC_GetPriorityGrouping
                0x00000000080017c0       0x1c ./Drivers/STM32F1xx_HAL_Driver/Src/stm32f1xx_hal_cortex.o
 .text.__NVIC_EnableIRQ
                0x00000000080017dc       0x38 ./Drivers/STM32F1xx_HAL_Driver/Src/stm32f1xx_hal_cortex.o
 .text.__NVIC_SetPriority
                0x0000000008001814       0x54 ./Drivers/STM32F1xx_HAL_Driver/Src/stm32f1xx_hal_cortex.o
 .text.NVIC_EncodePriority
                0x0000000008001868       0x64 ./Drivers/STM32F1xx_HAL_Driver/Src/stm32f1xx_hal_cortex.o
 .text.SysTick_Config
                0x00000000080018cc       0x44 ./Drivers/STM32F1xx_HAL_Driver/Src/stm32f1xx_hal_cortex.o
 .text.HAL_NVIC_SetPriorityGrouping
                0x0000000008001910       0x16 ./Drivers/STM32F1xx_HAL_Driver/Src/stm32f1xx_hal_cortex.o
                0x0000000008001910                HAL_NVIC_SetPriorityGrouping
 .text.HAL_NVIC_SetPriority
                0x0000000008001926       0x38 ./Drivers/STM32F1xx_HAL_Driver/Src/stm32f1xx_hal_cortex.o
                0x0000000008001926                HAL_NVIC_SetPriority
 .text.HAL_NVIC_EnableIRQ
                0x000000000800195e       0x1c ./Drivers/STM32F1xx_HAL_Driver/Src/stm32f1xx_hal_cortex.o
                0x000000000800195e                HAL_NVIC_EnableIRQ
 .text.HAL_SYSTICK_Config
                0x000000000800197a       0x18 ./Drivers/STM32F1xx_HAL_Driver/Src/stm32f1xx_hal_cortex.o
                0x000000000800197a                HAL_SYSTICK_Config
 *fill*         0x0000000008001992        0x2 
 .text.HAL_GPIO_Init
                0x0000000008001994      0x2f8 ./Drivers/STM32F1xx_HAL_Driver/Src/stm32f1xx_hal_gpio.o
                0x0000000008001994                HAL_GPIO_Init
 .text.HAL_GPIO_ReadPin
                0x0000000008001c8c       0x2e ./Drivers/STM32F1xx_HAL_Driver/Src/stm32f1xx_hal_gpio.o
                0x0000000008001c8c                HAL_GPIO_ReadPin
 .text.HAL_GPIO_WritePin
                0x0000000008001cba       0x30 ./Drivers/STM32F1xx_HAL_Driver/Src/stm32f1xx_hal_gpio.o
                0x0000000008001cba                HAL_GPIO_WritePin
 .text.HAL_GPIO_TogglePin
                0x0000000008001cea       0x32 ./Drivers/STM32F1xx_HAL_Driver/Src/stm32f1xx_hal_gpio.o
                0x0000000008001cea                HAL_GPIO_TogglePin
 .text.HAL_RCC_OscConfig
                0x0000000008001d1c      0x504 ./Drivers/STM32F1xx_HAL_Driver/Src/stm32f1xx_hal_rcc.o
                0x0000000008001d1c                HAL_RCC_OscConfig
 .text.HAL_RCC_ClockConfig
                0x0000000008002220      0x1d4 ./Drivers/STM32F1xx_HAL_Driver/Src/stm32f1xx_hal_rcc.o
                0x0000000008002220                HAL_RCC_ClockConfig
 .text.HAL_RCC_GetSysClockFreq
                0x00000000080023f4       0xbc ./Drivers/STM32F1xx_HAL_Driver/Src/stm32f1xx_hal_rcc.o
                0x00000000080023f4                HAL_RCC_GetSysClockFreq
 .text.RCC_Delay
                0x00000000080024b0       0x3c ./Drivers/STM32F1xx_HAL_Driver/Src/stm32f1xx_hal_rcc.o
 .text.HAL_TIM_Base_Init
                0x00000000080024ec       0x9e ./Drivers/STM32F1xx_HAL_Driver/Src/stm32f1xx_hal_tim.o
                0x00000000080024ec                HAL_TIM_Base_Init
 *fill*         0x000000000800258a        0x2 
 .text.HAL_TIM_Base_Start_IT
                0x000000000800258c       0x98 ./Drivers/STM32F1xx_HAL_Driver/Src/stm32f1xx_hal_tim.o
                0x000000000800258c                HAL_TIM_Base_Start_IT
 .text.HAL_TIM_IRQHandler
                0x0000000008002624      0x210 ./Drivers/STM32F1xx_HAL_Driver/Src/stm32f1xx_hal_tim.o
                0x0000000008002624                HAL_TIM_IRQHandler
 .text.HAL_TIM_ConfigClockSource
                0x0000000008002834      0x188 ./Drivers/STM32F1xx_HAL_Driver/Src/stm32f1xx_hal_tim.o
                0x0000000008002834                HAL_TIM_ConfigClockSource
 .text.HAL_TIM_OC_DelayElapsedCallback
                0x00000000080029bc       0x12 ./Drivers/STM32F1xx_HAL_Driver/Src/stm32f1xx_hal_tim.o
                0x00000000080029bc                HAL_TIM_OC_DelayElapsedCallback
 .text.HAL_TIM_IC_CaptureCallback
                0x00000000080029ce       0x12 ./Drivers/STM32F1xx_HAL_Driver/Src/stm32f1xx_hal_tim.o
                0x00000000080029ce                HAL_TIM_IC_CaptureCallback
 .text.HAL_TIM_PWM_PulseFinishedCallback
                0x00000000080029e0       0x12 ./Drivers/STM32F1xx_HAL_Driver/Src/stm32f1xx_hal_tim.o
                0x00000000080029e0                HAL_TIM_PWM_PulseFinishedCallback
 .text.HAL_TIM_TriggerCallback
                0x00000000080029f2       0x12 ./Drivers/STM32F1xx_HAL_Driver/Src/stm32f1xx_hal_tim.o
                0x00000000080029f2                HAL_TIM_TriggerCallback
 .text.TIM_Base_SetConfig
                0x0000000008002a04       0xb0 ./Drivers/STM32F1xx_HAL_Driver/Src/stm32f1xx_hal_tim.o
                0x0000000008002a04                TIM_Base_SetConfig
 .text.TIM_TI1_ConfigInputStage
                0x0000000008002ab4       0x5c ./Drivers/STM32F1xx_HAL_Driver/Src/stm32f1xx_hal_tim.o
 .text.TIM_TI2_ConfigInputStage
                0x0000000008002b10       0x5e ./Drivers/STM32F1xx_HAL_Driver/Src/stm32f1xx_hal_tim.o
 .text.TIM_ITRx_SetConfig
                0x0000000008002b6e       0x34 ./Drivers/STM32F1xx_HAL_Driver/Src/stm32f1xx_hal_tim.o
 .text.TIM_ETR_SetConfig
                0x0000000008002ba2       0x3e ./Drivers/STM32F1xx_HAL_Driver/Src/stm32f1xx_hal_tim.o
                0x0000000008002ba2                TIM_ETR_SetConfig
 .text.HAL_TIMEx_MasterConfigSynchronization
                0x0000000008002be0       0xb0 ./Drivers/STM32F1xx_HAL_Driver/Src/stm32f1xx_hal_tim_ex.o
                0x0000000008002be0                HAL_TIMEx_MasterConfigSynchronization
 .text.HAL_TIMEx_CommutCallback
                0x0000000008002c90       0x12 ./Drivers/STM32F1xx_HAL_Driver/Src/stm32f1xx_hal_tim_ex.o
                0x0000000008002c90                HAL_TIMEx_CommutCallback
 .text.HAL_TIMEx_BreakCallback
                0x0000000008002ca2       0x12 ./Drivers/STM32F1xx_HAL_Driver/Src/stm32f1xx_hal_tim_ex.o
                0x0000000008002ca2                HAL_TIMEx_BreakCallback
 .text.__libc_init_array
                0x0000000008002cb4       0x48 d:/stm32cubeide_1.10.1/stm32cubeide/plugins/com.st.stm32cube.ide.mcu.externaltools.gnu-tools-for-stm32.10.3-2021.10.win32_1.0.0.202111181127/tools/bin/../lib/gcc/arm-none-eabi/10.3.1/../../../../arm-none-eabi/lib/thumb/v7-m/nofp\libc_nano.a(lib_a-init.o)
                0x0000000008002cb4                __libc_init_array
 .text.memset   0x0000000008002cfc       0x10 d:/stm32cubeide_1.10.1/stm32cubeide/plugins/com.st.stm32cube.ide.mcu.externaltools.gnu-tools-for-stm32.10.3-2021.10.win32_1.0.0.202111181127/tools/bin/../lib/gcc/arm-none-eabi/10.3.1/../../../../arm-none-eabi/lib/thumb/v7-m/nofp\libc_nano.a(lib_a-memset.o)
                0x0000000008002cfc                memset
 *(.glue_7)
 .glue_7        0x0000000008002d0c        0x0 linker stubs
 *(.glue_7t)
 .glue_7t       0x0000000008002d0c        0x0 linker stubs
 *(.eh_frame)
 .eh_frame      0x0000000008002d0c        0x0 d:/stm32cubeide_1.10.1/stm32cubeide/plugins/com.st.stm32cube.ide.mcu.externaltools.gnu-tools-for-stm32.10.3-2021.10.win32_1.0.0.202111181127/tools/bin/../lib/gcc/arm-none-eabi/10.3.1/thumb/v7-m/nofp/crtbegin.o
 *(.init)
 .init          0x0000000008002d0c        0x4 d:/stm32cubeide_1.10.1/stm32cubeide/plugins/com.st.stm32cube.ide.mcu.externaltools.gnu-tools-for-stm32.10.3-2021.10.win32_1.0.0.202111181127/tools/bin/../lib/gcc/arm-none-eabi/10.3.1/thumb/v7-m/nofp/crti.o
                0x0000000008002d0c                _init
 .init          0x0000000008002d10        0x8 d:/stm32cubeide_1.10.1/stm32cubeide/plugins/com.st.stm32cube.ide.mcu.externaltools.gnu-tools-for-stm32.10.3-2021.10.win32_1.0.0.202111181127/tools/bin/../lib/gcc/arm-none-eabi/10.3.1/thumb/v7-m/nofp/crtn.o
 *(.fini)
 .fini          0x0000000008002d18        0x4 d:/stm32cubeide_1.10.1/stm32cubeide/plugins/com.st.stm32cube.ide.mcu.externaltools.gnu-tools-for-stm32.10.3-2021.10.win32_1.0.0.202111181127/tools/bin/../lib/gcc/arm-none-eabi/10.3.1/thumb/v7-m/nofp/crti.o
                0x0000000008002d18                _fini
 .fini          0x0000000008002d1c        0x8 d:/stm32cubeide_1.10.1/stm32cubeide/plugins/com.st.stm32cube.ide.mcu.externaltools.gnu-tools-for-stm32.10.3-2021.10.win32_1.0.0.202111181127/tools/bin/../lib/gcc/arm-none-eabi/10.3.1/thumb/v7-m/nofp/crtn.o
                0x0000000008002d24                . = ALIGN (0x4)
                0x0000000008002d24                _etext = .

.vfp11_veneer   0x0000000008002d24        0x0
 .vfp11_veneer  0x0000000008002d24        0x0 linker stubs

.v4_bx          0x0000000008002d24        0x0
 .v4_bx         0x0000000008002d24        0x0 linker stubs

.iplt           0x0000000008002d24        0x0
 .iplt          0x0000000008002d24        0x0 d:/stm32cubeide_1.10.1/stm32cubeide/plugins/com.st.stm32cube.ide.mcu.externaltools.gnu-tools-for-stm32.10.3-2021.10.win32_1.0.0.202111181127/tools/bin/../lib/gcc/arm-none-eabi/10.3.1/thumb/v7-m/nofp/crtbegin.o

.rodata         0x0000000008002d24       0x20
                0x0000000008002d24                . = ALIGN (0x4)
 *(.rodata)
 .rodata        0x0000000008002d24       0x10 ./Drivers/STM32F1xx_HAL_Driver/Src/stm32f1xx_hal_rcc.o
 *(.rodata*)
 .rodata.AHBPrescTable
                0x0000000008002d34       0x10 ./Core/Src/system_stm32f1xx.o
                0x0000000008002d34                AHBPrescTable
                0x0000000008002d44                . = ALIGN (0x4)

.rel.dyn        0x0000000008002d44        0x0
 .rel.iplt      0x0000000008002d44        0x0 d:/stm32cubeide_1.10.1/stm32cubeide/plugins/com.st.stm32cube.ide.mcu.externaltools.gnu-tools-for-stm32.10.3-2021.10.win32_1.0.0.202111181127/tools/bin/../lib/gcc/arm-none-eabi/10.3.1/thumb/v7-m/nofp/crtbegin.o

.ARM.extab      0x0000000008002d44        0x0
                0x0000000008002d44                . = ALIGN (0x4)
 *(.ARM.extab* .gnu.linkonce.armextab.*)
                0x0000000008002d44                . = ALIGN (0x4)

.ARM            0x0000000008002d44        0x0
                0x0000000008002d44                . = ALIGN (0x4)
                0x0000000008002d44                __exidx_start = .
 *(.ARM.exidx*)
                0x0000000008002d44                __exidx_end = .
                0x0000000008002d44                . = ALIGN (0x4)

.preinit_array  0x0000000008002d44        0x0
                0x0000000008002d44                . = ALIGN (0x4)
                0x0000000008002d44                PROVIDE (__preinit_array_start = .)
 *(.preinit_array*)
                0x0000000008002d44                PROVIDE (__preinit_array_end = .)
                0x0000000008002d44                . = ALIGN (0x4)

.init_array     0x0000000008002d44        0x4
                0x0000000008002d44                . = ALIGN (0x4)
                0x0000000008002d44                PROVIDE (__init_array_start = .)
 *(SORT_BY_NAME(.init_array.*))
 *(.init_array*)
 .init_array    0x0000000008002d44        0x4 d:/stm32cubeide_1.10.1/stm32cubeide/plugins/com.st.stm32cube.ide.mcu.externaltools.gnu-tools-for-stm32.10.3-2021.10.win32_1.0.0.202111181127/tools/bin/../lib/gcc/arm-none-eabi/10.3.1/thumb/v7-m/nofp/crtbegin.o
                0x0000000008002d48                PROVIDE (__init_array_end = .)
                0x0000000008002d48                . = ALIGN (0x4)

.fini_array     0x0000000008002d48        0x4
                0x0000000008002d48                . = ALIGN (0x4)
                [!provide]                        PROVIDE (__fini_array_start = .)
 *(SORT_BY_NAME(.fini_array.*))
 *(.fini_array*)
 .fini_array    0x0000000008002d48        0x4 d:/stm32cubeide_1.10.1/stm32cubeide/plugins/com.st.stm32cube.ide.mcu.externaltools.gnu-tools-for-stm32.10.3-2021.10.win32_1.0.0.202111181127/tools/bin/../lib/gcc/arm-none-eabi/10.3.1/thumb/v7-m/nofp/crtbegin.o
                [!provide]                        PROVIDE (__fini_array_end = .)
                0x0000000008002d4c                . = ALIGN (0x4)
                0x0000000008002d4c                _sidata = LOADADDR (.data)

.data           0x0000000020000000       0x48 load address 0x0000000008002d4c
                0x0000000020000000                . = ALIGN (0x4)
                0x0000000020000000                _sdata = .
 *(.data)
 *(.data*)
 .data.KeyReg0_RESET
                0x0000000020000000        0x4 ./Core/Src/button.o
                0x0000000020000000                KeyReg0_RESET
 .data.KeyReg1_RESET
                0x0000000020000004        0x4 ./Core/Src/button.o
                0x0000000020000004                KeyReg1_RESET
 .data.KeyReg2_RESET
                0x0000000020000008        0x4 ./Core/Src/button.o
                0x0000000020000008                KeyReg2_RESET
 .data.KeyReg3_RESET
                0x000000002000000c        0x4 ./Core/Src/button.o
                0x000000002000000c                KeyReg3_RESET
 .data.KeyReg0_INC
                0x0000000020000010        0x4 ./Core/Src/button.o
                0x0000000020000010                KeyReg0_INC
 .data.KeyReg1_INC
                0x0000000020000014        0x4 ./Core/Src/button.o
                0x0000000020000014                KeyReg1_INC
 .data.KeyReg2_INC
                0x0000000020000018        0x4 ./Core/Src/button.o
                0x0000000020000018                KeyReg2_INC
 .data.KeyReg3_INC
                0x000000002000001c        0x4 ./Core/Src/button.o
                0x000000002000001c                KeyReg3_INC
 .data.KeyReg0_DEC
                0x0000000020000020        0x4 ./Core/Src/button.o
                0x0000000020000020                KeyReg0_DEC
 .data.KeyReg1_DEC
                0x0000000020000024        0x4 ./Core/Src/button.o
                0x0000000020000024                KeyReg1_DEC
 .data.KeyReg2_DEC
                0x0000000020000028        0x4 ./Core/Src/button.o
                0x0000000020000028                KeyReg2_DEC
 .data.KeyReg3_DEC
                0x000000002000002c        0x4 ./Core/Src/button.o
                0x000000002000002c                KeyReg3_DEC
 .data.TimerForKeyPress_RESET
                0x0000000020000030        0x4 ./Core/Src/button.o
                0x0000000020000030                TimerForKeyPress_RESET
 .data.TimerForKeyPress_INC
                0x0000000020000034        0x4 ./Core/Src/button.o
                0x0000000020000034                TimerForKeyPress_INC
 .data.TimerForKeyPress_DEC
                0x0000000020000038        0x4 ./Core/Src/button.o
                0x0000000020000038                TimerForKeyPress_DEC
 .data.SystemCoreClock
                0x000000002000003c        0x4 ./Core/Src/system_stm32f1xx.o
                0x000000002000003c                SystemCoreClock
 .data.uwTickPrio
                0x0000000020000040        0x4 ./Drivers/STM32F1xx_HAL_Driver/Src/stm32f1xx_hal.o
                0x0000000020000040                uwTickPrio
 .data.uwTickFreq
                0x0000000020000044        0x1 ./Drivers/STM32F1xx_HAL_Driver/Src/stm32f1xx_hal.o
                0x0000000020000044                uwTickFreq
 *(.RamFunc)
 *(.RamFunc*)
                0x0000000020000048                . = ALIGN (0x4)
 *fill*         0x0000000020000045        0x3 
                0x0000000020000048                _edata = .

.igot.plt       0x0000000020000048        0x0 load address 0x0000000008002d94
 .igot.plt      0x0000000020000048        0x0 d:/stm32cubeide_1.10.1/stm32cubeide/plugins/com.st.stm32cube.ide.mcu.externaltools.gnu-tools-for-stm32.10.3-2021.10.win32_1.0.0.202111181127/tools/bin/../lib/gcc/arm-none-eabi/10.3.1/thumb/v7-m/nofp/crtbegin.o
                0x0000000020000048                . = ALIGN (0x4)

.bss            0x0000000020000048       0x90 load address 0x0000000008002d94
                0x0000000020000048                _sbss = .
                0x0000000020000048                __bss_start__ = _sbss
 *(.bss)
 .bss           0x0000000020000048       0x1c d:/stm32cubeide_1.10.1/stm32cubeide/plugins/com.st.stm32cube.ide.mcu.externaltools.gnu-tools-for-stm32.10.3-2021.10.win32_1.0.0.202111181127/tools/bin/../lib/gcc/arm-none-eabi/10.3.1/thumb/v7-m/nofp/crtbegin.o
 *(.bss*)
 .bss.RESET_flag
                0x0000000020000064        0x4 ./Core/Src/button.o
                0x0000000020000064                RESET_flag
 .bss.INC_flag  0x0000000020000068        0x4 ./Core/Src/button.o
                0x0000000020000068                INC_flag
 .bss.DEC_flag  0x000000002000006c        0x4 ./Core/Src/button.o
                0x000000002000006c                DEC_flag
 .bss.status    0x0000000020000070        0x4 ./Core/Src/global.o
                0x0000000020000070                status
 .bss.htim2     0x0000000020000074       0x48 ./Core/Src/main.o
                0x0000000020000074                htim2
 .bss.timer1_counter
                0x00000000200000bc        0x4 ./Core/Src/software_timer.o
                0x00000000200000bc                timer1_counter
 .bss.timer1_flag
                0x00000000200000c0        0x4 ./Core/Src/software_timer.o
                0x00000000200000c0                timer1_flag
 .bss.timer2_counter
                0x00000000200000c4        0x4 ./Core/Src/software_timer.o
                0x00000000200000c4                timer2_counter
 .bss.timer2_flag
                0x00000000200000c8        0x4 ./Core/Src/software_timer.o
                0x00000000200000c8                timer2_flag
 .bss.timer3_counter
                0x00000000200000cc        0x4 ./Core/Src/software_timer.o
                0x00000000200000cc                timer3_counter
 .bss.timer3_flag
                0x00000000200000d0        0x4 ./Core/Src/software_timer.o
                0x00000000200000d0                timer3_flag
 .bss.uwTick    0x00000000200000d4        0x4 ./Drivers/STM32F1xx_HAL_Driver/Src/stm32f1xx_hal.o
                0x00000000200000d4                uwTick
 *(COMMON)
                0x00000000200000d8                . = ALIGN (0x4)
                0x00000000200000d8                _ebss = .
                0x00000000200000d8                __bss_end__ = _ebss

._user_heap_stack
                0x00000000200000d8      0x600 load address 0x0000000008002d94
                0x00000000200000d8                . = ALIGN (0x8)
                [!provide]                        PROVIDE (end = .)
                0x00000000200000d8                PROVIDE (_end = .)
                0x00000000200002d8                . = (. + _Min_Heap_Size)
 *fill*         0x00000000200000d8      0x200 
                0x00000000200006d8                . = (. + _Min_Stack_Size)
 *fill*         0x00000000200002d8      0x400 
                0x00000000200006d8                . = ALIGN (0x8)

/DISCARD/
 libc.a(*)
 libm.a(*)
 libgcc.a(*)

.ARM.attributes
                0x0000000000000000       0x29
 *(.ARM.attributes)
 .ARM.attributes
                0x0000000000000000       0x1d d:/stm32cubeide_1.10.1/stm32cubeide/plugins/com.st.stm32cube.ide.mcu.externaltools.gnu-tools-for-stm32.10.3-2021.10.win32_1.0.0.202111181127/tools/bin/../lib/gcc/arm-none-eabi/10.3.1/thumb/v7-m/nofp/crti.o
 .ARM.attributes
                0x000000000000001d       0x2d d:/stm32cubeide_1.10.1/stm32cubeide/plugins/com.st.stm32cube.ide.mcu.externaltools.gnu-tools-for-stm32.10.3-2021.10.win32_1.0.0.202111181127/tools/bin/../lib/gcc/arm-none-eabi/10.3.1/thumb/v7-m/nofp/crtbegin.o
 .ARM.attributes
                0x000000000000004a       0x2d ./Core/Src/button.o
 .ARM.attributes
                0x0000000000000077       0x2d ./Core/Src/fsm_automatic.o
 .ARM.attributes
                0x00000000000000a4       0x2d ./Core/Src/fsm_simple_button.o
 .ARM.attributes
                0x00000000000000d1       0x2d ./Core/Src/global.o
 .ARM.attributes
                0x00000000000000fe       0x2d ./Core/Src/main.o
 .ARM.attributes
                0x000000000000012b       0x2d ./Core/Src/software_timer.o
 .ARM.attributes
                0x0000000000000158       0x2d ./Core/Src/stm32f1xx_hal_msp.o
 .ARM.attributes
                0x0000000000000185       0x2d ./Core/Src/stm32f1xx_it.o
 .ARM.attributes
                0x00000000000001b2       0x2d ./Core/Src/system_stm32f1xx.o
 .ARM.attributes
                0x00000000000001df       0x21 ./Core/Startup/startup_stm32f103c6ux.o
 .ARM.attributes
                0x0000000000000200       0x2d ./Drivers/STM32F1xx_HAL_Driver/Src/stm32f1xx_hal.o
 .ARM.attributes
                0x000000000000022d       0x2d ./Drivers/STM32F1xx_HAL_Driver/Src/stm32f1xx_hal_cortex.o
 .ARM.attributes
                0x000000000000025a       0x2d ./Drivers/STM32F1xx_HAL_Driver/Src/stm32f1xx_hal_gpio.o
 .ARM.attributes
                0x0000000000000287       0x2d ./Drivers/STM32F1xx_HAL_Driver/Src/stm32f1xx_hal_rcc.o
 .ARM.attributes
                0x00000000000002b4       0x2d ./Drivers/STM32F1xx_HAL_Driver/Src/stm32f1xx_hal_tim.o
 .ARM.attributes
                0x00000000000002e1       0x2d ./Drivers/STM32F1xx_HAL_Driver/Src/stm32f1xx_hal_tim_ex.o
 .ARM.attributes
                0x000000000000030e       0x2d d:/stm32cubeide_1.10.1/stm32cubeide/plugins/com.st.stm32cube.ide.mcu.externaltools.gnu-tools-for-stm32.10.3-2021.10.win32_1.0.0.202111181127/tools/bin/../lib/gcc/arm-none-eabi/10.3.1/../../../../arm-none-eabi/lib/thumb/v7-m/nofp\libc_nano.a(lib_a-init.o)
 .ARM.attributes
                0x000000000000033b       0x2d d:/stm32cubeide_1.10.1/stm32cubeide/plugins/com.st.stm32cube.ide.mcu.externaltools.gnu-tools-for-stm32.10.3-2021.10.win32_1.0.0.202111181127/tools/bin/../lib/gcc/arm-none-eabi/10.3.1/../../../../arm-none-eabi/lib/thumb/v7-m/nofp\libc_nano.a(lib_a-memset.o)
 .ARM.attributes
                0x0000000000000368       0x1d d:/stm32cubeide_1.10.1/stm32cubeide/plugins/com.st.stm32cube.ide.mcu.externaltools.gnu-tools-for-stm32.10.3-2021.10.win32_1.0.0.202111181127/tools/bin/../lib/gcc/arm-none-eabi/10.3.1/thumb/v7-m/nofp/crtn.o
OUTPUT(mid_term.elf elf32-littlearm)
LOAD linker stubs
LOAD d:/stm32cubeide_1.10.1/stm32cubeide/plugins/com.st.stm32cube.ide.mcu.externaltools.gnu-tools-for-stm32.10.3-2021.10.win32_1.0.0.202111181127/tools/bin/../lib/gcc/arm-none-eabi/10.3.1/../../../../arm-none-eabi/lib/thumb/v7-m/nofp\libc.a
LOAD d:/stm32cubeide_1.10.1/stm32cubeide/plugins/com.st.stm32cube.ide.mcu.externaltools.gnu-tools-for-stm32.10.3-2021.10.win32_1.0.0.202111181127/tools/bin/../lib/gcc/arm-none-eabi/10.3.1/../../../../arm-none-eabi/lib/thumb/v7-m/nofp\libm.a
LOAD d:/stm32cubeide_1.10.1/stm32cubeide/plugins/com.st.stm32cube.ide.mcu.externaltools.gnu-tools-for-stm32.10.3-2021.10.win32_1.0.0.202111181127/tools/bin/../lib/gcc/arm-none-eabi/10.3.1/thumb/v7-m/nofp\libgcc.a

.debug_info     0x0000000000000000     0x8738
 .debug_info    0x0000000000000000      0x368 ./Core/Src/button.o
 .debug_info    0x0000000000000368      0x1fc ./Core/Src/fsm_automatic.o
 .debug_info    0x0000000000000564      0x1fc ./Core/Src/fsm_simple_button.o
 .debug_info    0x0000000000000760       0x89 ./Core/Src/global.o
 .debug_info    0x00000000000007e9      0xc7c ./Core/Src/main.o
 .debug_info    0x0000000000001465      0x135 ./Core/Src/software_timer.o
 .debug_info    0x000000000000159a      0x8d7 ./Core/Src/stm32f1xx_hal_msp.o
 .debug_info    0x0000000000001e71      0x6ea ./Core/Src/stm32f1xx_it.o
 .debug_info    0x000000000000255b      0x23d ./Core/Src/system_stm32f1xx.o
 .debug_info    0x0000000000002798       0x22 ./Core/Startup/startup_stm32f103c6ux.o
 .debug_info    0x00000000000027ba      0x716 ./Drivers/STM32F1xx_HAL_Driver/Src/stm32f1xx_hal.o
 .debug_info    0x0000000000002ed0      0xb02 ./Drivers/STM32F1xx_HAL_Driver/Src/stm32f1xx_hal_cortex.o
 .debug_info    0x00000000000039d2      0x615 ./Drivers/STM32F1xx_HAL_Driver/Src/stm32f1xx_hal_gpio.o
 .debug_info    0x0000000000003fe7      0x860 ./Drivers/STM32F1xx_HAL_Driver/Src/stm32f1xx_hal_rcc.o
 .debug_info    0x0000000000004847     0x29de ./Drivers/STM32F1xx_HAL_Driver/Src/stm32f1xx_hal_tim.o
 .debug_info    0x0000000000007225     0x1513 ./Drivers/STM32F1xx_HAL_Driver/Src/stm32f1xx_hal_tim_ex.o

.debug_abbrev   0x0000000000000000     0x1969
 .debug_abbrev  0x0000000000000000      0x145 ./Core/Src/button.o
 .debug_abbrev  0x0000000000000145      0x112 ./Core/Src/fsm_automatic.o
 .debug_abbrev  0x0000000000000257      0x112 ./Core/Src/fsm_simple_button.o
 .debug_abbrev  0x0000000000000369       0x4b ./Core/Src/global.o
 .debug_abbrev  0x00000000000003b4      0x282 ./Core/Src/main.o
 .debug_abbrev  0x0000000000000636       0xb6 ./Core/Src/software_timer.o
 .debug_abbrev  0x00000000000006ec      0x19f ./Core/Src/stm32f1xx_hal_msp.o
 .debug_abbrev  0x000000000000088b      0x184 ./Core/Src/stm32f1xx_it.o
 .debug_abbrev  0x0000000000000a0f      0x13b ./Core/Src/system_stm32f1xx.o
 .debug_abbrev  0x0000000000000b4a       0x12 ./Core/Startup/startup_stm32f103c6ux.o
 .debug_abbrev  0x0000000000000b5c      0x1fb ./Drivers/STM32F1xx_HAL_Driver/Src/stm32f1xx_hal.o
 .debug_abbrev  0x0000000000000d57      0x2ed ./Drivers/STM32F1xx_HAL_Driver/Src/stm32f1xx_hal_cortex.o
 .debug_abbrev  0x0000000000001044      0x1bb ./Drivers/STM32F1xx_HAL_Driver/Src/stm32f1xx_hal_gpio.o
 .debug_abbrev  0x00000000000011ff      0x2a8 ./Drivers/STM32F1xx_HAL_Driver/Src/stm32f1xx_hal_rcc.o
 .debug_abbrev  0x00000000000014a7      0x25d ./Drivers/STM32F1xx_HAL_Driver/Src/stm32f1xx_hal_tim.o
 .debug_abbrev  0x0000000000001704      0x265 ./Drivers/STM32F1xx_HAL_Driver/Src/stm32f1xx_hal_tim_ex.o

.debug_aranges  0x0000000000000000      0xa20
 .debug_aranges
                0x0000000000000000       0x60 ./Core/Src/button.o
 .debug_aranges
                0x0000000000000060       0x20 ./Core/Src/fsm_automatic.o
 .debug_aranges
                0x0000000000000080       0x20 ./Core/Src/fsm_simple_button.o
 .debug_aranges
                0x00000000000000a0       0x18 ./Core/Src/global.o
 .debug_aranges
                0x00000000000000b8       0x48 ./Core/Src/main.o
 .debug_aranges
                0x0000000000000100       0x38 ./Core/Src/software_timer.o
 .debug_aranges
                0x0000000000000138       0x30 ./Core/Src/stm32f1xx_hal_msp.o
 .debug_aranges
                0x0000000000000168       0x68 ./Core/Src/stm32f1xx_it.o
 .debug_aranges
                0x00000000000001d0       0x28 ./Core/Src/system_stm32f1xx.o
 .debug_aranges
                0x00000000000001f8       0x28 ./Core/Startup/startup_stm32f103c6ux.o
 .debug_aranges
                0x0000000000000220       0xe0 ./Drivers/STM32F1xx_HAL_Driver/Src/stm32f1xx_hal.o
 .debug_aranges
                0x0000000000000300      0x100 ./Drivers/STM32F1xx_HAL_Driver/Src/stm32f1xx_hal_cortex.o
 .debug_aranges
                0x0000000000000400       0x58 ./Drivers/STM32F1xx_HAL_Driver/Src/stm32f1xx_hal_gpio.o
 .debug_aranges
                0x0000000000000458       0x90 ./Drivers/STM32F1xx_HAL_Driver/Src/stm32f1xx_hal_rcc.o
 .debug_aranges
                0x00000000000004e8      0x3d0 ./Drivers/STM32F1xx_HAL_Driver/Src/stm32f1xx_hal_tim.o
 .debug_aranges
                0x00000000000008b8      0x168 ./Drivers/STM32F1xx_HAL_Driver/Src/stm32f1xx_hal_tim_ex.o

.debug_ranges   0x0000000000000000      0x920
 .debug_ranges  0x0000000000000000       0x50 ./Core/Src/button.o
 .debug_ranges  0x0000000000000050       0x10 ./Core/Src/fsm_automatic.o
 .debug_ranges  0x0000000000000060       0x10 ./Core/Src/fsm_simple_button.o
 .debug_ranges  0x0000000000000070       0x38 ./Core/Src/main.o
 .debug_ranges  0x00000000000000a8       0x28 ./Core/Src/software_timer.o
 .debug_ranges  0x00000000000000d0       0x20 ./Core/Src/stm32f1xx_hal_msp.o
 .debug_ranges  0x00000000000000f0       0x58 ./Core/Src/stm32f1xx_it.o
 .debug_ranges  0x0000000000000148       0x18 ./Core/Src/system_stm32f1xx.o
 .debug_ranges  0x0000000000000160       0x20 ./Core/Startup/startup_stm32f103c6ux.o
 .debug_ranges  0x0000000000000180       0xd0 ./Drivers/STM32F1xx_HAL_Driver/Src/stm32f1xx_hal.o
 .debug_ranges  0x0000000000000250       0xf0 ./Drivers/STM32F1xx_HAL_Driver/Src/stm32f1xx_hal_cortex.o
 .debug_ranges  0x0000000000000340       0x48 ./Drivers/STM32F1xx_HAL_Driver/Src/stm32f1xx_hal_gpio.o
 .debug_ranges  0x0000000000000388       0x80 ./Drivers/STM32F1xx_HAL_Driver/Src/stm32f1xx_hal_rcc.o
 .debug_ranges  0x0000000000000408      0x3c0 ./Drivers/STM32F1xx_HAL_Driver/Src/stm32f1xx_hal_tim.o
 .debug_ranges  0x00000000000007c8      0x158 ./Drivers/STM32F1xx_HAL_Driver/Src/stm32f1xx_hal_tim_ex.o

.debug_macro    0x0000000000000000    0x16a3c
 .debug_macro   0x0000000000000000      0x1ba ./Core/Src/button.o
 .debug_macro   0x00000000000001ba      0xa6c ./Core/Src/button.o
 .debug_macro   0x0000000000000c26      0x215 ./Core/Src/button.o
 .debug_macro   0x0000000000000e3b       0x2e ./Core/Src/button.o
 .debug_macro   0x0000000000000e69       0x22 ./Core/Src/button.o
 .debug_macro   0x0000000000000e8b       0x22 ./Core/Src/button.o
 .debug_macro   0x0000000000000ead       0x8e ./Core/Src/button.o
 .debug_macro   0x0000000000000f3b       0x51 ./Core/Src/button.o
 .debug_macro   0x0000000000000f8c      0x103 ./Core/Src/button.o
 .debug_macro   0x000000000000108f       0x6a ./Core/Src/button.o
 .debug_macro   0x00000000000010f9      0x1df ./Core/Src/button.o
 .debug_macro   0x00000000000012d8       0x1c ./Core/Src/button.o
 .debug_macro   0x00000000000012f4       0x22 ./Core/Src/button.o
 .debug_macro   0x0000000000001316       0xbd ./Core/Src/button.o
 .debug_macro   0x00000000000013d3      0xd23 ./Core/Src/button.o
 .debug_macro   0x00000000000020f6     0xde75 ./Core/Src/button.o
 .debug_macro   0x000000000000ff6b       0x6d ./Core/Src/button.o
 .debug_macro   0x000000000000ffd8     0x3468 ./Core/Src/button.o
 .debug_macro   0x0000000000013440      0x174 ./Core/Src/button.o
 .debug_macro   0x00000000000135b4       0x5c ./Core/Src/button.o
 .debug_macro   0x0000000000013610      0x5be ./Core/Src/button.o
 .debug_macro   0x0000000000013bce      0x1b7 ./Core/Src/button.o
 .debug_macro   0x0000000000013d85      0x1cb ./Core/Src/button.o
 .debug_macro   0x0000000000013f50      0x114 ./Core/Src/button.o
 .debug_macro   0x0000000000014064      0x1b2 ./Core/Src/button.o
 .debug_macro   0x0000000000014216       0x27 ./Core/Src/button.o
 .debug_macro   0x000000000001423d      0x12f ./Core/Src/button.o
 .debug_macro   0x000000000001436c      0x1bc ./Core/Src/button.o
 .debug_macro   0x0000000000014528       0x34 ./Core/Src/button.o
 .debug_macro   0x000000000001455c       0x3c ./Core/Src/button.o
 .debug_macro   0x0000000000014598       0x57 ./Core/Src/button.o
 .debug_macro   0x00000000000145ef       0x88 ./Core/Src/button.o
 .debug_macro   0x0000000000014677      0x183 ./Core/Src/button.o
 .debug_macro   0x00000000000147fa      0x141 ./Core/Src/button.o
 .debug_macro   0x000000000001493b      0x8d1 ./Core/Src/button.o
 .debug_macro   0x000000000001520c       0x69 ./Core/Src/button.o
 .debug_macro   0x0000000000015275       0x88 ./Core/Src/button.o
 .debug_macro   0x00000000000152fd       0x10 ./Core/Src/button.o
 .debug_macro   0x000000000001530d      0x1d9 ./Core/Src/fsm_automatic.o
 .debug_macro   0x00000000000154e6       0x7c ./Core/Src/fsm_automatic.o
 .debug_macro   0x0000000000015562      0x1d9 ./Core/Src/fsm_simple_button.o
 .debug_macro   0x000000000001573b      0x1cf ./Core/Src/global.o
 .debug_macro   0x000000000001590a      0x1ef ./Core/Src/main.o
 .debug_macro   0x0000000000015af9       0x21 ./Core/Src/software_timer.o
 .debug_macro   0x0000000000015b1a      0x1a7 ./Core/Src/stm32f1xx_hal_msp.o
 .debug_macro   0x0000000000015cc1      0x1b1 ./Core/Src/stm32f1xx_it.o
 .debug_macro   0x0000000000015e72      0x198 ./Core/Src/system_stm32f1xx.o
 .debug_macro   0x000000000001600a      0x1bc ./Drivers/STM32F1xx_HAL_Driver/Src/stm32f1xx_hal.o
 .debug_macro   0x00000000000161c6      0x198 ./Drivers/STM32F1xx_HAL_Driver/Src/stm32f1xx_hal_cortex.o
 .debug_macro   0x000000000001635e      0x203 ./Drivers/STM32F1xx_HAL_Driver/Src/stm32f1xx_hal_gpio.o
 .debug_macro   0x0000000000016561      0x1aa ./Drivers/STM32F1xx_HAL_Driver/Src/stm32f1xx_hal_rcc.o
 .debug_macro   0x000000000001670b      0x199 ./Drivers/STM32F1xx_HAL_Driver/Src/stm32f1xx_hal_tim.o
 .debug_macro   0x00000000000168a4      0x198 ./Drivers/STM32F1xx_HAL_Driver/Src/stm32f1xx_hal_tim_ex.o

.debug_line     0x0000000000000000     0xb300
 .debug_line    0x0000000000000000      0x813 ./Core/Src/button.o
 .debug_line    0x0000000000000813      0x909 ./Core/Src/fsm_automatic.o
 .debug_line    0x000000000000111c      0x912 ./Core/Src/fsm_simple_button.o
 .debug_line    0x0000000000001a2e      0x656 ./Core/Src/global.o
 .debug_line    0x0000000000002084      0x7cb ./Core/Src/main.o
 .debug_line    0x000000000000284f       0xfe ./Core/Src/software_timer.o
 .debug_line    0x000000000000294d      0x688 ./Core/Src/stm32f1xx_hal_msp.o
 .debug_line    0x0000000000002fd5      0x728 ./Core/Src/stm32f1xx_it.o
 .debug_line    0x00000000000036fd      0x6cc ./Core/Src/system_stm32f1xx.o
 .debug_line    0x0000000000003dc9       0x87 ./Core/Startup/startup_stm32f103c6ux.o
 .debug_line    0x0000000000003e50      0x8f9 ./Drivers/STM32F1xx_HAL_Driver/Src/stm32f1xx_hal.o
 .debug_line    0x0000000000004749      0xae1 ./Drivers/STM32F1xx_HAL_Driver/Src/stm32f1xx_hal_cortex.o
 .debug_line    0x000000000000522a      0x97b ./Drivers/STM32F1xx_HAL_Driver/Src/stm32f1xx_hal_gpio.o
 .debug_line    0x0000000000005ba5      0xd07 ./Drivers/STM32F1xx_HAL_Driver/Src/stm32f1xx_hal_rcc.o
 .debug_line    0x00000000000068ac     0x3265 ./Drivers/STM32F1xx_HAL_Driver/Src/stm32f1xx_hal_tim.o
 .debug_line    0x0000000000009b11     0x17ef ./Drivers/STM32F1xx_HAL_Driver/Src/stm32f1xx_hal_tim_ex.o

.debug_str      0x0000000000000000    0x81f8a
 .debug_str     0x0000000000000000    0x7f35e ./Core/Src/button.o
                                      0x7f6a1 (size before relaxing)
 .debug_str     0x000000000007f35e      0x164 ./Core/Src/fsm_automatic.o
                                      0x7f68c (size before relaxing)
 .debug_str     0x000000000007f4c2       0x50 ./Core/Src/fsm_simple_button.o
                                      0x7f698 (size before relaxing)
 .debug_str     0x000000000007f512       0x15 ./Core/Src/global.o
                                      0x7f5a3 (size before relaxing)
 .debug_str     0x000000000007f527      0x7c8 ./Core/Src/main.o
                                      0x7ff15 (size before relaxing)
 .debug_str     0x000000000007fcef       0x71 ./Core/Src/software_timer.o
                                       0x2d1a (size before relaxing)
 .debug_str     0x000000000007fd60      0x2d2 ./Core/Src/stm32f1xx_hal_msp.o
                                      0x7fc9a (size before relaxing)
 .debug_str     0x0000000000080032       0xec ./Core/Src/stm32f1xx_it.o
                                      0x7fa03 (size before relaxing)
 .debug_str     0x000000000008011e       0x88 ./Core/Src/system_stm32f1xx.o
                                      0x7f350 (size before relaxing)
 .debug_str     0x00000000000801a6       0x36 ./Core/Startup/startup_stm32f103c6ux.o
                                         0x4e (size before relaxing)
 .debug_str     0x00000000000801dc      0x38e ./Drivers/STM32F1xx_HAL_Driver/Src/stm32f1xx_hal.o
                                      0x7fa49 (size before relaxing)
 .debug_str     0x000000000008056a      0x29e ./Drivers/STM32F1xx_HAL_Driver/Src/stm32f1xx_hal_cortex.o
                                      0x7f995 (size before relaxing)
 .debug_str     0x0000000000080808      0x2f6 ./Drivers/STM32F1xx_HAL_Driver/Src/stm32f1xx_hal_gpio.o
                                      0x7f6d6 (size before relaxing)
 .debug_str     0x0000000000080afe      0x229 ./Drivers/STM32F1xx_HAL_Driver/Src/stm32f1xx_hal_rcc.o
                                      0x7f77f (size before relaxing)
 .debug_str     0x0000000000080d27      0xdd0 ./Drivers/STM32F1xx_HAL_Driver/Src/stm32f1xx_hal_tim.o
                                      0x8076a (size before relaxing)
 .debug_str     0x0000000000081af7      0x493 ./Drivers/STM32F1xx_HAL_Driver/Src/stm32f1xx_hal_tim_ex.o
                                      0x7ff86 (size before relaxing)

.comment        0x0000000000000000       0x50
 .comment       0x0000000000000000       0x50 ./Core/Src/button.o
                                         0x51 (size before relaxing)
 .comment       0x0000000000000050       0x51 ./Core/Src/fsm_automatic.o
 .comment       0x0000000000000050       0x51 ./Core/Src/fsm_simple_button.o
 .comment       0x0000000000000050       0x51 ./Core/Src/global.o
 .comment       0x0000000000000050       0x51 ./Core/Src/main.o
 .comment       0x0000000000000050       0x51 ./Core/Src/software_timer.o
 .comment       0x0000000000000050       0x51 ./Core/Src/stm32f1xx_hal_msp.o
 .comment       0x0000000000000050       0x51 ./Core/Src/stm32f1xx_it.o
 .comment       0x0000000000000050       0x51 ./Core/Src/system_stm32f1xx.o
 .comment       0x0000000000000050       0x51 ./Drivers/STM32F1xx_HAL_Driver/Src/stm32f1xx_hal.o
 .comment       0x0000000000000050       0x51 ./Drivers/STM32F1xx_HAL_Driver/Src/stm32f1xx_hal_cortex.o
 .comment       0x0000000000000050       0x51 ./Drivers/STM32F1xx_HAL_Driver/Src/stm32f1xx_hal_gpio.o
 .comment       0x0000000000000050       0x51 ./Drivers/STM32F1xx_HAL_Driver/Src/stm32f1xx_hal_rcc.o
 .comment       0x0000000000000050       0x51 ./Drivers/STM32F1xx_HAL_Driver/Src/stm32f1xx_hal_tim.o
 .comment       0x0000000000000050       0x51 ./Drivers/STM32F1xx_HAL_Driver/Src/stm32f1xx_hal_tim_ex.o

.debug_frame    0x0000000000000000     0x27f0
 .debug_frame   0x0000000000000000      0x124 ./Core/Src/button.o
 .debug_frame   0x0000000000000124       0x2c ./Core/Src/fsm_automatic.o
 .debug_frame   0x0000000000000150       0x2c ./Core/Src/fsm_simple_button.o
 .debug_frame   0x000000000000017c       0xd4 ./Core/Src/main.o
 .debug_frame   0x0000000000000250       0xa8 ./Core/Src/software_timer.o
 .debug_frame   0x00000000000002f8       0x80 ./Core/Src/stm32f1xx_hal_msp.o
 .debug_frame   0x0000000000000378      0x120 ./Core/Src/stm32f1xx_it.o
 .debug_frame   0x0000000000000498       0x58 ./Core/Src/system_stm32f1xx.o
 .debug_frame   0x00000000000004f0      0x334 ./Drivers/STM32F1xx_HAL_Driver/Src/stm32f1xx_hal.o
 .debug_frame   0x0000000000000824      0x428 ./Drivers/STM32F1xx_HAL_Driver/Src/stm32f1xx_hal_cortex.o
 .debug_frame   0x0000000000000c4c      0x14c ./Drivers/STM32F1xx_HAL_Driver/Src/stm32f1xx_hal_gpio.o
 .debug_frame   0x0000000000000d98      0x21c ./Drivers/STM32F1xx_HAL_Driver/Src/stm32f1xx_hal_rcc.o
 .debug_frame   0x0000000000000fb4     0x11b8 ./Drivers/STM32F1xx_HAL_Driver/Src/stm32f1xx_hal_tim.o
 .debug_frame   0x000000000000216c      0x638 ./Drivers/STM32F1xx_HAL_Driver/Src/stm32f1xx_hal_tim_ex.o
 .debug_frame   0x00000000000027a4       0x2c d:/stm32cubeide_1.10.1/stm32cubeide/plugins/com.st.stm32cube.ide.mcu.externaltools.gnu-tools-for-stm32.10.3-2021.10.win32_1.0.0.202111181127/tools/bin/../lib/gcc/arm-none-eabi/10.3.1/../../../../arm-none-eabi/lib/thumb/v7-m/nofp\libc_nano.a(lib_a-init.o)
 .debug_frame   0x00000000000027d0       0x20 d:/stm32cubeide_1.10.1/stm32cubeide/plugins/com.st.stm32cube.ide.mcu.externaltools.gnu-tools-for-stm32.10.3-2021.10.win32_1.0.0.202111181127/tools/bin/../lib/gcc/arm-none-eabi/10.3.1/../../../../arm-none-eabi/lib/thumb/v7-m/nofp\libc_nano.a(lib_a-memset.o)
